
> build
> vite build

node.exe : [31merror during build:
At line:1 char:1
+ & "C:\Program Files\nodejs/node.exe" "C:\Program Files\nodejs/node_mo ...
+ ~~~~~~~~~~~~~~~~~~~~~~~~~~~~~~~~~~~~~~~~~~~~~~~~~~~~~~~~~~~~~~~~~~~~~
    + CategoryInfo          : NotSpecified: ([31merror during build::String) [], RemoteException
    + FullyQualifiedErrorId : NativeCommandError
 
Error: The provided Wrangler config main field 
(C:\Users\krishnateja\Downloads\aetherflow-os-main\aetherflow-os-main\src\server.ts) doesn't point to an existing file
    at maybeResolveMain (file:///C:/Users/krishnateja/Downloads/aetherflow-os-main/aetherflow-os-main/node_modules/@clo
udflare/vite-plugin/dist/index.mjs:41182:44)
    at resolveWorkerType (file:///C:/Users/krishnateja/Downloads/aetherflow-os-main/aetherflow-os-main/node_modules/@cl
oudflare/vite-plugin/dist/index.mjs:41152:23)
    at resolveWorkerConfig (file:///C:/Users/krishnateja/Downloads/aetherflow-os-main/aetherflow-os-main/node_modules/@
cloudflare/vite-plugin/dist/index.mjs:41263:9)
    at resolvePluginConfig (file:///C:/Users/krishnateja/Downloads/aetherflow-os-main/aetherflow-os-main/node_modules/@
cloudflare/vite-plugin/dist/index.mjs:41289:36)
    at BasicMinimalPluginContext.config (file:///C:/Users/krishnateja/Downloads/aetherflow-os-main/aetherflow-os-main/n
ode_modules/@cloudflare/vite-plugin/dist/index.mjs:53888:33)
    at runConfigHook (file:///C:/Users/krishnateja/Downloads/aetherflow-os-main/aetherflow-os-main/node_modules/vite/di
st/node/chunks/config.js:35963:42)
    at async resolveConfig (file:///C:/Users/krishnateja/Downloads/aetherflow-os-main/aetherflow-os-main/node_modules/v
ite/dist/node/chunks/config.js:35465:13)
    at async createBuilder (file:///C:/Users/krishnateja/Downloads/aetherflow-os-main/aetherflow-os-main/node_modules/v
ite/dist/node/chunks/config.js:33895:19)
    at async CAC.<anonymous> (file:///C:/Users/krishnateja/Downloads/aetherflow-os-main/aetherflow-os-main/node_modules
/vite/dist/node/cli.js:629:10)[39m
